../Core/Src/main.c:92:6:Echo_Set_ADC1_FSM_State	16	static
../Core/Src/main.c:113:6:Echo_Set_ADC2_FSM_State	16	static
../Core/Src/main.c:134:6:Echo_FSM_State_Init	8	static
../Core/Src/main.c:142:6:Echo_Sys_FSM_State_Handle	8	static
../Core/Src/main.c:154:6:Echo_ADC1_Conv	8	static
../Core/Src/main.c:163:6:Echo_ADC2_Conv	8	static
../Core/Src/main.c:172:6:Echo_ADC_Data_Print	40	static
../Core/Src/main.c:198:6:HAL_ADC_ConvCpltCallback	24	static
../Core/Src/main.c:219:6:HAL_ADC_ConvHalfCpltCallback	24	static
../Core/Src/main.c:240:6:HAL_ADC_ErrorCallback	16	static
../Core/Src/main.c:257:5:main	8	static
../Core/Src/main.c:322:6:SystemClock_Config	96	static
../Core/Src/main.c:374:13:MX_ADC1_Init	48	static
../Core/Src/main.c:443:13:MX_ADC2_Init	32	static
../Core/Src/main.c:502:13:MX_USART2_UART_Init	8	static
../Core/Src/main.c:535:13:MX_DMA_Init	16	static
../Core/Src/main.c:556:13:MX_GPIO_Init	48	static
../Core/Src/main.c:610:6:Error_Handler	4	static,ignoring_inline_asm
